// Jest Snapshot v1, https://goo.gl/fbAQLP

exports[`LegacyTextBackgroundColorTest TextBackgroundColorTest 1`] = `
Object {
  "AutomationId": "text-color-background-view",
  "Background": null,
  "BorderBrush": "#00000000",
  "BorderThickness": "0,0,0,0",
  "Clip": null,
  "CornerRadius": "0,0,0,0",
  "FlowDirection": "LeftToRight",
  "Height": 95,
  "HorizontalAlignment": "Stretch",
  "Left": 0,
  "Margin": "0,0,0,0",
  "Top": 0,
  "VerticalAlignment": "Stretch",
  "Visibility": "Visible",
  "Width": 800,
  "XamlType": "Microsoft.ReactNative.ViewPanel",
  "children": Array [
    Object {
      "Clip": null,
      "FlowDirection": "LeftToRight",
      "Foreground": "#FF000000",
      "Height": 19,
      "HorizontalAlignment": "Stretch",
      "Left": 0,
      "Margin": "0,0,0,0",
      "Padding": "0,0,0,0",
      "Text": "Outer no_color START_NESTED green DEEPER_NESTED blue END_NESTED attributes.",
      "TextHighlighters": Array [
        Object {
          "Background": "#FF008000",
          "Ranges": Array [
            Object {
              "Length": 18,
              "StartIndex": 15,
            },
          ],
        },
        Object {
          "Background": "#FF008000",
          "Ranges": Array [
            Object {
              "Length": 1,
              "StartIndex": 33,
            },
          ],
        },
        Object {
          "Background": "#FF0000FF",
          "Ranges": Array [
            Object {
              "Length": 18,
              "StartIndex": 34,
            },
          ],
        },
        Object {
          "Background": "#FF008000",
          "Ranges": Array [
            Object {
              "Length": 1,
              "StartIndex": 52,
            },
          ],
        },
        Object {
          "Background": "#FF008000",
          "Ranges": Array [
            Object {
              "Length": 10,
              "StartIndex": 53,
            },
          ],
        },
      ],
      "Top": 0,
      "VerticalAlignment": "Stretch",
      "Visibility": "Visible",
      "Width": 800,
      "XamlType": "Windows.UI.Xaml.Controls.TextBlock",
    },
    Object {
      "Clip": null,
      "FlowDirection": "LeftToRight",
      "Foreground": "#FF000000",
      "Height": 19,
      "HorizontalAlignment": "Stretch",
      "Left": 0,
      "Margin": "0,0,0,0",
      "Padding": "0,0,0,0",
      "Text": "Outer no_color START_NESTED no_color DEEPER_NESTED blue END_NESTED attributes.",
      "TextHighlighters": Array [
        Object {
          "Background": "#FF0000FF",
          "Ranges": Array [
            Object {
              "Length": 18,
              "StartIndex": 37,
            },
          ],
        },
      ],
      "Top": 19,
      "VerticalAlignment": "Stretch",
      "Visibility": "Visible",
      "Width": 800,
      "XamlType": "Windows.UI.Xaml.Controls.TextBlock",
    },
    Object {
      "Clip": null,
      "FlowDirection": "LeftToRight",
      "Foreground": "#FF000000",
      "Height": 19,
      "HorizontalAlignment": "Stretch",
      "Left": 0,
      "Margin": "0,0,0,0",
      "Padding": "0,0,0,0",
      "Text": "Outer no_color START_NESTED green DEEPER_NESTED inherit green END_NESTED attributes.",
      "TextHighlighters": Array [
        Object {
          "Background": "#FF008000",
          "Ranges": Array [
            Object {
              "Length": 19,
              "StartIndex": 15,
            },
          ],
        },
        Object {
          "Background": "#FF008000",
          "Ranges": Array [
            Object {
              "Length": 27,
              "StartIndex": 34,
            },
          ],
        },
        Object {
          "Background": "#FF008000",
          "Ranges": Array [
            Object {
              "Length": 1,
              "StartIndex": 61,
            },
          ],
        },
        Object {
          "Background": "#FF008000",
          "Ranges": Array [
            Object {
              "Length": 10,
              "StartIndex": 62,
            },
          ],
        },
      ],
      "Top": 38,
      "VerticalAlignment": "Stretch",
      "Visibility": "Visible",
      "Width": 800,
      "XamlType": "Windows.UI.Xaml.Controls.TextBlock",
    },
    Object {
      "Clip": null,
      "FlowDirection": "LeftToRight",
      "Foreground": "#FF000000",
      "Height": 19,
      "HorizontalAlignment": "Stretch",
      "Left": 0,
      "Margin": "0,0,0,0",
      "Padding": "0,0,0,0",
      "Text": "Outer red START_NESTED inherit red DEEPER_NESTED inherit red END_NESTED attributes.",
      "TextHighlighters": Array [
        Object {
          "Background": "#FFFF0000",
          "Ranges": Array [
            Object {
              "Length": 9,
              "StartIndex": 0,
            },
          ],
        },
        Object {
          "Background": "#FFFF0000",
          "Ranges": Array [
            Object {
              "Length": 1,
              "StartIndex": 9,
            },
          ],
        },
        Object {
          "Background": "#FFFF0000",
          "Ranges": Array [
            Object {
              "Length": 25,
              "StartIndex": 10,
            },
          ],
        },
        Object {
          "Background": "#FFFF0000",
          "Ranges": Array [
            Object {
              "Length": 25,
              "StartIndex": 35,
            },
          ],
        },
        Object {
          "Background": "#FFFF0000",
          "Ranges": Array [
            Object {
              "Length": 1,
              "StartIndex": 60,
            },
          ],
        },
        Object {
          "Background": "#FFFF0000",
          "Ranges": Array [
            Object {
              "Length": 10,
              "StartIndex": 61,
            },
          ],
        },
        Object {
          "Background": "#FFFF0000",
          "Ranges": Array [
            Object {
              "Length": 1,
              "StartIndex": 71,
            },
          ],
        },
        Object {
          "Background": "#FFFF0000",
          "Ranges": Array [
            Object {
              "Length": 11,
              "StartIndex": 72,
            },
          ],
        },
      ],
      "Top": 57,
      "VerticalAlignment": "Stretch",
      "Visibility": "Visible",
      "Width": 800,
      "XamlType": "Windows.UI.Xaml.Controls.TextBlock",
    },
    Object {
      "Clip": null,
      "FlowDirection": "LeftToRight",
      "Foreground": "#FF000000",
      "Height": 19,
      "HorizontalAlignment": "Stretch",
      "Left": 0,
      "Margin": "0,0,0,0",
      "Padding": "0,0,0,0",
      "Text": "Outer red START_NESTED green DEEPER_NESTED blue END_NESTED attributes.",
      "TextHighlighters": Array [
        Object {
          "Background": "#FFFF0000",
          "Ranges": Array [
            Object {
              "Length": 9,
              "StartIndex": 0,
            },
          ],
        },
        Object {
          "Background": "#FFFF0000",
          "Ranges": Array [
            Object {
              "Length": 1,
              "StartIndex": 9,
            },
          ],
        },
        Object {
          "Background": "#FF008000",
          "Ranges": Array [
            Object {
              "Length": 18,
              "StartIndex": 10,
            },
          ],
        },
        Object {
          "Background": "#FF008000",
          "Ranges": Array [
            Object {
              "Length": 1,
              "StartIndex": 28,
            },
          ],
        },
        Object {
          "Background": "#FF0000FF",
          "Ranges": Array [
            Object {
              "Length": 18,
              "StartIndex": 29,
            },
          ],
        },
        Object {
          "Background": "#FF008000",
          "Ranges": Array [
            Object {
              "Length": 1,
              "StartIndex": 47,
            },
          ],
        },
        Object {
          "Background": "#FF008000",
          "Ranges": Array [
            Object {
              "Length": 10,
              "StartIndex": 48,
            },
          ],
        },
        Object {
          "Background": "#FFFF0000",
          "Ranges": Array [
            Object {
              "Length": 1,
              "StartIndex": 58,
            },
          ],
        },
        Object {
          "Background": "#FFFF0000",
          "Ranges": Array [
            Object {
              "Length": 11,
              "StartIndex": 59,
            },
          ],
        },
      ],
      "Top": 76,
      "VerticalAlignment": "Stretch",
      "Visibility": "Visible",
      "Width": 800,
      "XamlType": "Windows.UI.Xaml.Controls.TextBlock",
    },
  ],
}
`;
